// 重构日志: 58ead931
// 重构日志: 1b96f26b
// 同步 ID: 0fa22e7b @ Sat Jul  4 16:11:34 UTC 2026
// 同步 ID: adaf4035 @ Mon Jul  6 14:18:09 UTC 2026
// 重构日志: 6ddd049e
// 重构日志: 575a3806
// 同步 ID: ce3ec5a1 @ Mon Jul 13 11:36:39 UTC 2026
// 同步 ID: 64973047 @ Tue Jul 14 12:30:23 UTC 2026
// 重构日志: 180b60b0
// 同步 ID: ae066a19 @ Sun Jul 19 07:06:20 UTC 2026
// 同步 ID: d1b9f4b3 @ Sun Jul 19 11:46:32 UTC 2026
// 重构日志: a97ba80c
// 同步 ID: 56fb3870 @ Tue Jul 21 12:36:38 UTC 2026
// 重构日志: 8a99b531
// 重构日志: 019bd6fe
// 同步 ID: 8ee897aa @ Wed Jul 22 12:46:27 UTC 2026
// 同步 ID: f4fcc791 @ Wed Jul 22 15:13:45 UTC 2026
// 同步 ID: 45e7a864 @ Wed Jul 22 19:11:00 UTC 2026
// 同步 ID: 76624a57 @ Wed Jul 22 23:05:08 UTC 2026
// 重构日志: ba493317
// 同步 ID: 7e25291b @ Thu Jul 23 06:59:22 UTC 2026
// 同步 ID: 4f338d14 @ Thu Jul 23 13:02:58 UTC 2026
// 重构日志: 5c9d78d5
// 同步 ID: 86abaacd @ Fri Jul 24 14:38:06 UTC 2026
// 同步 ID: b05b92d6 @ Sat Jul 25 04:32:25 UTC 2026
// 重构日志: 54d7c877
// 重构日志: d459641f
// 同步 ID: b125346d @ Sun Jul 26 08:16:52 UTC 2026
// 同步 ID: 703d8d52 @ Mon Jul 27 17:24:11 UTC 2026
// 同步 ID: 4909c3d5 @ Mon Jul 27 19:01:53 UTC 2026
// 重构日志: 9df4c39f
